1. header не должен быть контейнером
2. bottomColumn заменить на контейнером
3. зачем container2 когда есть container?
4. .contenblack зачем? Есть же контейнер
5. У вас шрифты подключены и в css, и в html. Излишне
